------------------------------------------------------------
Timing Analyzer Summary
------------------------------------------------------------

Type  : Slow 1200mV 85C Model Setup 'CLK'
Slack : -4.587
TNS   : -104.798

Type  : Slow 1200mV 85C Model Setup 'div_frec:inst2|cuenta[1]'
Slack : -1.866
TNS   : -4.950

Type  : Slow 1200mV 85C Model Hold 'div_frec:inst2|cuenta[1]'
Slack : 0.348
TNS   : 0.000

Type  : Slow 1200mV 85C Model Hold 'CLK'
Slack : 0.514
TNS   : 0.000

Type  : Slow 1200mV 85C Model Minimum Pulse Width 'CLK'
Slack : -3.000
TNS   : -42.284

Type  : Slow 1200mV 85C Model Minimum Pulse Width 'div_frec:inst2|cuenta[1]'
Slack : -1.403
TNS   : -4.209

Type  : Slow 1200mV 0C Model Setup 'CLK'
Slack : -4.190
TNS   : -93.058

Type  : Slow 1200mV 0C Model Setup 'div_frec:inst2|cuenta[1]'
Slack : -1.624
TNS   : -4.282

Type  : Slow 1200mV 0C Model Hold 'div_frec:inst2|cuenta[1]'
Slack : 0.311
TNS   : 0.000

Type  : Slow 1200mV 0C Model Hold 'CLK'
Slack : 0.461
TNS   : 0.000

Type  : Slow 1200mV 0C Model Minimum Pulse Width 'CLK'
Slack : -3.000
TNS   : -42.284

Type  : Slow 1200mV 0C Model Minimum Pulse Width 'div_frec:inst2|cuenta[1]'
Slack : -1.403
TNS   : -4.209

Type  : Fast 1200mV 0C Model Setup 'CLK'
Slack : -1.710
TNS   : -37.549

Type  : Fast 1200mV 0C Model Setup 'div_frec:inst2|cuenta[1]'
Slack : -0.211
TNS   : -0.382

Type  : Fast 1200mV 0C Model Hold 'div_frec:inst2|cuenta[1]'
Slack : 0.152
TNS   : 0.000

Type  : Fast 1200mV 0C Model Hold 'CLK'
Slack : 0.188
TNS   : 0.000

Type  : Fast 1200mV 0C Model Minimum Pulse Width 'CLK'
Slack : -3.000
TNS   : -31.962

Type  : Fast 1200mV 0C Model Minimum Pulse Width 'div_frec:inst2|cuenta[1]'
Slack : -1.000
TNS   : -3.000

------------------------------------------------------------
