------------------------------------------------------------
Timing Analyzer Summary
------------------------------------------------------------

Type  : Slow 1200mV 85C Model Setup 'CLK'
Slack : -4.001
TNS   : -72.890

Type  : Slow 1200mV 85C Model Setup 'div_frec:inst2|cuenta[24]'
Slack : -1.889
TNS   : -5.019

Type  : Slow 1200mV 85C Model Hold 'div_frec:inst2|cuenta[24]'
Slack : 0.348
TNS   : 0.000

Type  : Slow 1200mV 85C Model Hold 'CLK'
Slack : 0.646
TNS   : 0.000

Type  : Slow 1200mV 85C Model Minimum Pulse Width 'CLK'
Slack : -3.000
TNS   : -42.284

Type  : Slow 1200mV 85C Model Minimum Pulse Width 'div_frec:inst2|cuenta[24]'
Slack : -1.403
TNS   : -4.209

Type  : Slow 1200mV 0C Model Setup 'CLK'
Slack : -3.660
TNS   : -64.770

Type  : Slow 1200mV 0C Model Setup 'div_frec:inst2|cuenta[24]'
Slack : -1.643
TNS   : -4.338

Type  : Slow 1200mV 0C Model Hold 'div_frec:inst2|cuenta[24]'
Slack : 0.311
TNS   : 0.000

Type  : Slow 1200mV 0C Model Hold 'CLK'
Slack : 0.598
TNS   : 0.000

Type  : Slow 1200mV 0C Model Minimum Pulse Width 'CLK'
Slack : -3.000
TNS   : -42.284

Type  : Slow 1200mV 0C Model Minimum Pulse Width 'div_frec:inst2|cuenta[24]'
Slack : -1.403
TNS   : -4.209

Type  : Fast 1200mV 0C Model Setup 'CLK'
Slack : -1.211
TNS   : -18.202

Type  : Fast 1200mV 0C Model Setup 'div_frec:inst2|cuenta[24]'
Slack : -0.223
TNS   : -0.418

Type  : Fast 1200mV 0C Model Hold 'div_frec:inst2|cuenta[24]'
Slack : 0.152
TNS   : 0.000

Type  : Fast 1200mV 0C Model Hold 'CLK'
Slack : 0.251
TNS   : 0.000

Type  : Fast 1200mV 0C Model Minimum Pulse Width 'CLK'
Slack : -3.000
TNS   : -31.952

Type  : Fast 1200mV 0C Model Minimum Pulse Width 'div_frec:inst2|cuenta[24]'
Slack : -1.000
TNS   : -3.000

------------------------------------------------------------
